--- 
http_interactions: 
- request: 
    method: get
    uri: https://10.11.230.105/katello/api/providers/1
    body: 
      string: ""
    headers: 
      Http-Katello-User: 
      - admin
      Accept: 
      - application/json
      User-Agent: 
      - OAuth gem v0.4.6
      Authorization: 
      - OAuth oauth_consumer_key="cloud_forms", oauth_nonce="7mzVj6IFgSaxHD46Sc40QCj0lMEcqRtot7HvouCTPn0", oauth_signature="36IfC%2BVLaC%2FTIUxkF%2Fq7yYLnEWM%3D", oauth_signature_method="HMAC-SHA1", oauth_timestamp="1343842700", oauth_version="1.0"
  response: 
    status: 
      code: 200
      message: OK
    headers: 
      Etag: 
      - "\"0147da323ce64837b303984a6fd25b60\""
      Server: 
      - thin 1.2.11 codename Bat-Shit Crazy
      Date: 
      - Fri, 10 Aug 2012 15:30:14 GMT
      Cache-Control: 
      - max-age=0, private, must-revalidate
      Content-Type: 
      - application/json; charset=utf-8
      X-Ua-Compatible: 
      - IE=Edge,chrome=1
      X-Runtime: 
      - "0.023157"
      Transfer-Encoding: 
      - chunked
      X-Candlepin-Version: 
      - katello/0.2.44-1.el6
    body: 
      string: "{\"provider_type\":\"Red Hat\",\"id\":1,\"task_status_id\":null,\"organization_id\":1,\"sync_state\":\"not_synced\",\"last_sync\":null,\"updated_at\":\"2012-08-10T15:22:46Z\",\"description\":null,\"name\":\"Red Hat\",\"created_at\":\"2012-07-02T18:47:39Z\",\"repository_url\":\"https://cdn.redhat.com\"}"
    http_version: 
  recorded_at: Wed, 01 Aug 2012 17:38:20 GMT
- request: 
    method: put
    uri: https://10.11.230.105/katello/api/providers/1
    body: 
      string: "{\"provider\":{\"repository_url\":\"https://cdn.redhat.tv\"}}"
    headers: 
      Http-Katello-User: 
      - admin
      Accept: 
      - "*/*"
      User-Agent: 
      - OAuth gem v0.4.6
      Content-Type: 
      - application/json
      Content-Length: 
      - "55"
      Authorization: 
      - OAuth oauth_body_hash="wIb9SJIDMuf6x6OqXZBZzKDJnXs%3D", oauth_consumer_key="cloud_forms", oauth_nonce="yyJY3amVtc9CBEpPEZu4E8aiJIiWImipqxkwwP5Dxs", oauth_signature="kBo1QSwUQD%2FoRVsei6E3HtW8Hjk%3D", oauth_signature_method="HMAC-SHA1", oauth_timestamp="1343842700", oauth_version="1.0"
  response: 
    status: 
      code: 200
      message: OK
    headers: 
      Etag: 
      - "\"6a240f29a8c45a4028215dcfa08333dd\""
      Server: 
      - thin 1.2.11 codename Bat-Shit Crazy
      Date: 
      - Fri, 10 Aug 2012 15:30:14 GMT
      Cache-Control: 
      - max-age=0, private, must-revalidate
      Content-Type: 
      - application/json; charset=utf-8
      X-Ua-Compatible: 
      - IE=Edge,chrome=1
      X-Runtime: 
      - "0.046766"
      Transfer-Encoding: 
      - chunked
      X-Candlepin-Version: 
      - katello/0.2.44-1.el6
    body: 
      string: "{\"provider_type\":\"Red Hat\",\"id\":1,\"task_status_id\":null,\"organization_id\":1,\"sync_state\":\"not_synced\",\"last_sync\":null,\"updated_at\":\"2012-08-10T15:30:14Z\",\"description\":null,\"name\":\"Red Hat\",\"created_at\":\"2012-07-02T18:47:39Z\",\"repository_url\":\"https://cdn.redhat.tv\"}"
    http_version: 
  recorded_at: Wed, 01 Aug 2012 17:38:20 GMT
- request: 
    method: get
    uri: https://10.11.230.105/katello/api/providers/1
    body: 
      string: ""
    headers: 
      Http-Katello-User: 
      - admin
      Accept: 
      - application/json
      User-Agent: 
      - OAuth gem v0.4.6
      Authorization: 
      - OAuth oauth_consumer_key="cloud_forms", oauth_nonce="LGLuA3K6bLdx7X80ITfNEBE3GX0EWIvOGqqMKKKei1o", oauth_signature="f4jLY855KEFQjZxmdZDp2%2Fn3bjA%3D", oauth_signature_method="HMAC-SHA1", oauth_timestamp="1343842700", oauth_version="1.0"
  response: 
    status: 
      code: 200
      message: OK
    headers: 
      Etag: 
      - "\"6a240f29a8c45a4028215dcfa08333dd\""
      Server: 
      - thin 1.2.11 codename Bat-Shit Crazy
      Date: 
      - Fri, 10 Aug 2012 15:30:14 GMT
      Cache-Control: 
      - max-age=0, private, must-revalidate
      Content-Type: 
      - application/json; charset=utf-8
      X-Ua-Compatible: 
      - IE=Edge,chrome=1
      X-Runtime: 
      - "0.021977"
      Transfer-Encoding: 
      - chunked
      X-Candlepin-Version: 
      - katello/0.2.44-1.el6
    body: 
      string: "{\"provider_type\":\"Red Hat\",\"id\":1,\"task_status_id\":null,\"organization_id\":1,\"sync_state\":\"not_synced\",\"last_sync\":null,\"updated_at\":\"2012-08-10T15:30:14Z\",\"description\":null,\"name\":\"Red Hat\",\"created_at\":\"2012-07-02T18:47:39Z\",\"repository_url\":\"https://cdn.redhat.tv\"}"
    http_version: 
  recorded_at: Wed, 01 Aug 2012 17:38:20 GMT
- request: 
    method: put
    uri: https://10.11.230.105/katello/api/providers/1
    body: 
      string: "{\"provider\":{\"repository_url\":\"https://cdn.redhat.com\"}}"
    headers: 
      Http-Katello-User: 
      - admin
      Accept: 
      - "*/*"
      User-Agent: 
      - OAuth gem v0.4.6
      Content-Type: 
      - application/json
      Content-Length: 
      - "56"
      Authorization: 
      - OAuth oauth_body_hash="QSbFdAahR5JYlvDItVWSdIbgz7M%3D", oauth_consumer_key="cloud_forms", oauth_nonce="rNcGhw3QCjBAK1gPKOKIs2x2r1IzotVIN0F7L3GGg", oauth_signature="cMwU5%2BmJIz0fj4cP8RlKggcHdaM%3D", oauth_signature_method="HMAC-SHA1", oauth_timestamp="1343842700", oauth_version="1.0"
  response: 
    status: 
      code: 200
      message: OK
    headers: 
      Etag: 
      - "\"66d7ca3a35b82c4a302a083c9cb0d61e\""
      Server: 
      - thin 1.2.11 codename Bat-Shit Crazy
      Date: 
      - Fri, 10 Aug 2012 15:30:14 GMT
      Cache-Control: 
      - max-age=0, private, must-revalidate
      Content-Type: 
      - application/json; charset=utf-8
      X-Ua-Compatible: 
      - IE=Edge,chrome=1
      X-Runtime: 
      - "0.049839"
      Transfer-Encoding: 
      - chunked
      X-Candlepin-Version: 
      - katello/0.2.44-1.el6
    body: 
      string: "{\"provider_type\":\"Red Hat\",\"id\":1,\"task_status_id\":null,\"organization_id\":1,\"sync_state\":\"not_synced\",\"last_sync\":null,\"updated_at\":\"2012-08-10T15:30:14Z\",\"description\":null,\"name\":\"Red Hat\",\"created_at\":\"2012-07-02T18:47:39Z\",\"repository_url\":\"https://cdn.redhat.com\"}"
    http_version: 
  recorded_at: Wed, 01 Aug 2012 17:38:20 GMT
recorded_with: VCR 2.2.4
